D:/RetroProjects/SGDK/bin/mkdir -p out/src/
D:/RetroProjects/SGDK/bin/gcc  -DSGDK_GCC -m68000 -fdiagnostics-color=always -Wall -Wextra -Wno-shift-negative-value -Wno-main -Wno-unused-parameter -fno-builtin -ffunction-sections -fdata-sections -fms-extensions -I. -Iinc -Isrc -Ires -ID:/RetroProjects/SGDK/inc -ID:/RetroProjects/SGDK/res -BD:/RetroProjects/SGDK/bin -O3 -fuse-linker-plugin -fno-web -fno-gcse -fomit-frame-pointer -flto -flto=auto -ffat-lto-objects -MMD -c src/camera.c -o out/src/camera.o
D:/RetroProjects/SGDK/bin/mkdir -p out/src/core/
D:/RetroProjects/SGDK/bin/gcc  -DSGDK_GCC -m68000 -fdiagnostics-color=always -Wall -Wextra -Wno-shift-negative-value -Wno-main -Wno-unused-parameter -fno-builtin -ffunction-sections -fdata-sections -fms-extensions -I. -Iinc -Isrc -Ires -ID:/RetroProjects/SGDK/inc -ID:/RetroProjects/SGDK/res -BD:/RetroProjects/SGDK/bin -O3 -fuse-linker-plugin -fno-web -fno-gcse -fomit-frame-pointer -flto -flto=auto -ffat-lto-objects -MMD -c src/core/entity.c -o out/src/core/entity.o
D:/RetroProjects/SGDK/bin/mkdir -p out/src/core/
D:/RetroProjects/SGDK/bin/gcc  -DSGDK_GCC -m68000 -fdiagnostics-color=always -Wall -Wextra -Wno-shift-negative-value -Wno-main -Wno-unused-parameter -fno-builtin -ffunction-sections -fdata-sections -fms-extensions -I. -Iinc -Isrc -Ires -ID:/RetroProjects/SGDK/inc -ID:/RetroProjects/SGDK/res -BD:/RetroProjects/SGDK/bin -O3 -fuse-linker-plugin -fno-web -fno-gcse -fomit-frame-pointer -flto -flto=auto -ffat-lto-objects -MMD -c src/core/game.c -o out/src/core/game.o
D:/RetroProjects/SGDK/bin/mkdir -p out/src/entities/
D:/RetroProjects/SGDK/bin/gcc  -DSGDK_GCC -m68000 -fdiagnostics-color=always -Wall -Wextra -Wno-shift-negative-value -Wno-main -Wno-unused-parameter -fno-builtin -ffunction-sections -fdata-sections -fms-extensions -I. -Iinc -Isrc -Ires -ID:/RetroProjects/SGDK/inc -ID:/RetroProjects/SGDK/res -BD:/RetroProjects/SGDK/bin -O3 -fuse-linker-plugin -fno-web -fno-gcse -fomit-frame-pointer -flto -flto=auto -ffat-lto-objects -MMD -c src/entities/player.c -o out/src/entities/player.o
D:/RetroProjects/SGDK/bin/mkdir -p out/src/gameplay/
D:/RetroProjects/SGDK/bin/gcc  -DSGDK_GCC -m68000 -fdiagnostics-color=always -Wall -Wextra -Wno-shift-negative-value -Wno-main -Wno-unused-parameter -fno-builtin -ffunction-sections -fdata-sections -fms-extensions -I. -Iinc -Isrc -Ires -ID:/RetroProjects/SGDK/inc -ID:/RetroProjects/SGDK/res -BD:/RetroProjects/SGDK/bin -O3 -fuse-linker-plugin -fno-web -fno-gcse -fomit-frame-pointer -flto -flto=auto -ffat-lto-objects -MMD -c src/gameplay/stats.c -o out/src/gameplay/stats.o
D:/RetroProjects/SGDK/bin/mkdir -p out/src/systems/
D:/RetroProjects/SGDK/bin/gcc  -DSGDK_GCC -m68000 -fdiagnostics-color=always -Wall -Wextra -Wno-shift-negative-value -Wno-main -Wno-unused-parameter -fno-builtin -ffunction-sections -fdata-sections -fms-extensions -I. -Iinc -Isrc -Ires -ID:/RetroProjects/SGDK/inc -ID:/RetroProjects/SGDK/res -BD:/RetroProjects/SGDK/bin -O3 -fuse-linker-plugin -fno-web -fno-gcse -fomit-frame-pointer -flto -flto=auto -ffat-lto-objects -MMD -c src/systems/input.c -o out/src/systems/input.o
D:/RetroProjects/SGDK/bin/mkdir -p out/src/ui/
D:/RetroProjects/SGDK/bin/gcc  -DSGDK_GCC -m68000 -fdiagnostics-color=always -Wall -Wextra -Wno-shift-negative-value -Wno-main -Wno-unused-parameter -fno-builtin -ffunction-sections -fdata-sections -fms-extensions -I. -Iinc -Isrc -Ires -ID:/RetroProjects/SGDK/inc -ID:/RetroProjects/SGDK/res -BD:/RetroProjects/SGDK/bin -O3 -fuse-linker-plugin -fno-web -fno-gcse -fomit-frame-pointer -flto -flto=auto -ffat-lto-objects -MMD -c src/ui/hud.c -o out/src/ui/hud.o
D:/RetroProjects/SGDK/bin/mkdir -p out/
echo "out/res/resources.o out/src/assetLoader.o out/src/camera.o out/src/main.o out/src/core/entity.o out/src/core/game.o out/src/entities/player.o out/src/gameplay/stats.o out/src/systems/animation.o out/src/systems/collision.o out/src/systems/input.o out/src/systems/physics.o out/src/ui/hud.o out/src/world/zone.o" > out/cmd_
D:/RetroProjects/SGDK/bin/mkdir -p out/
D:/RetroProjects/SGDK/bin/gcc -m68000 -BD:/RetroProjects/SGDK/bin -n -T D:/RetroProjects/SGDK/md.ld -nostdlib out/sega.o @out/cmd_ D:/RetroProjects/SGDK/lib/libmd.a D:/RetroProjects/SGDK/lib/libgcc.a -o out/rom.out -Wl,--gc-sections -flto -flto=auto -ffat-lto-objects
D:/RetroProjects/SGDK/bin/rm out/cmd_
D:/RetroProjects/SGDK/bin/nm --plugin=liblto_plugin.dll -n -l out/rom.out > out/symbol.txt
D:/RetroProjects/SGDK/bin/objcopy -O binary out/rom.out out/rom.bin
java -jar D:/RetroProjects/SGDK/bin/sizebnd.jar out/rom.bin -sizealign 131072 -checksum
